

<<<<<<< HEAD
[14/09/2026 01:11:00]  [Ação] Ação do email começando..
[14/09/2026 01:11:00]  [ERRO] O usuário não identificado..
[14/09/2026 01:11:02]  [Ação] Ação do email começando..
[14/09/2026 01:11:02]  [ERRO] O usuário não identificado..
[14/09/2026 01:11:03]  [Ação] Ação do email começando..
[14/09/2026 01:11:03]  [ERRO] O usuário não identificado..
[14/09/2026 01:11:09]  [Ação] Ação do email começando..
[14/09/2026 01:11:09]  [ERRO] O usuário não identificado..
=======
[08/09/2026 23:04:35]  [Ação] Ação do email começando..
[08/09/2026 23:04:35]  [Sucesso] O email indeficado..leofelixredemption@gmail.com
[08/09/2026 23:04:35]  [AÇÃO] O codigo verificação enviando pelo email..
[08/09/2026 23:05:27]  [SUCESSO]  Senha atualizado com sucesso 
[08/09/2026 23:07:35]  [Ação] Ação do email começando..
[08/09/2026 23:07:35]  [Sucesso] O email indeficado..leofelixredemption@gmail.com
[08/09/2026 23:07:35]  [AÇÃO] O codigo verificação enviando pelo email..
[08/09/2026 23:08:10]  [SUCESSO]  Senha atualizado com sucesso 
[12/09/2026 21:27:45]  [Ação] Ação do email começando..
[12/09/2026 21:27:45]  [ERRO] O usuário não identificado..
>>>>>>> development
